// Jest Snapshot v1, https://goo.gl/fbAQLP

exports[`test fails with a different runner 1`] = `
"\\"ava\\" is not supported in Detox CLI tools.

HINT: You can still run your tests with the runner's own CLI tool"
`;
